INFO:     Started server process [22924]
INFO:     Waiting for application startup.
INFO:     Application startup complete.
INFO:     Uvicorn running on http://0.0.0.0:8001 (Press CTRL+C to quit)
2026-06-09 22:35:20,860 INFO HTTP Request: POST https://api.brevo.com/v3/smtp/email "HTTP/1.1 401 Unauthorized"
2026-06-09 22:35:20,862 ERROR Error sending OTP email: headers: {'date': 'Tue, 09 Jun 2026 15:36:00 GMT', 'content-type': 'application/json', 'content-length': '235', 'connection': 'keep-alive', 'access-control-allow-credentials': 'true', 'sib-request-id': 'de993d15-f04e-9ea0-a9eb-2101b6e04dc4', 'access-control-allow-origin': '*', 'access-control-allow-headers': '*', 'access-control-allow-methods': 'PUT, POST, GET, DELETE, PATCH, OPTIONS', 'x-envoy-upstream-service-time': '26', 'server': 'cloudflare', 'cf-cache-status': 'DYNAMIC', 'cf-ray': 'a091359c1ca599fa-CDG'}, status_code: 401, body: {'message': 'We have detected you are using an unrecognised IP address 42.112.247.239. If you performed this action make sure to add the new IP address in this link: https://app.brevo.com/security/authorised_ips', 'code': 'unauthorized'}
2026-06-09 22:35:55,268 INFO HTTP Request: POST https://api.brevo.com/v3/smtp/email "HTTP/1.1 401 Unauthorized"
2026-06-09 22:35:55,269 ERROR Error sending OTP email: headers: {'date': 'Tue, 09 Jun 2026 15:36:35 GMT', 'content-type': 'application/json', 'content-length': '235', 'connection': 'keep-alive', 'access-control-allow-credentials': 'true', 'sib-request-id': '9e372a9f-e7ce-9c1b-943b-c0e4346b94e6', 'access-control-allow-origin': '*', 'access-control-allow-headers': '*', 'access-control-allow-methods': 'PUT, POST, GET, DELETE, PATCH, OPTIONS', 'x-envoy-upstream-service-time': '10', 'server': 'cloudflare', 'cf-cache-status': 'DYNAMIC', 'cf-ray': 'a0913672fe610258-WAW'}, status_code: 401, body: {'message': 'We have detected you are using an unrecognised IP address 42.112.247.239. If you performed this action make sure to add the new IP address in this link: https://app.brevo.com/security/authorised_ips', 'code': 'unauthorized'}
2026-06-09 22:37:37,115 INFO HTTP Request: POST https://api.brevo.com/v3/smtp/email "HTTP/1.1 401 Unauthorized"
2026-06-09 22:37:37,115 ERROR Error sending OTP email: headers: {'date': 'Tue, 09 Jun 2026 15:38:16 GMT', 'content-type': 'application/json', 'content-length': '235', 'connection': 'keep-alive', 'access-control-allow-credentials': 'true', 'sib-request-id': '43b32ae0-532a-9715-ab25-bc313fa9dbbf', 'access-control-allow-origin': '*', 'access-control-allow-headers': '*', 'access-control-allow-methods': 'PUT, POST, GET, DELETE, PATCH, OPTIONS', 'x-envoy-upstream-service-time': '10', 'server': 'cloudflare', 'cf-cache-status': 'DYNAMIC', 'cf-ray': 'a09138efce329992-CDG'}, status_code: 401, body: {'message': 'We have detected you are using an unrecognised IP address 42.112.247.239. If you performed this action make sure to add the new IP address in this link: https://app.brevo.com/security/authorised_ips', 'code': 'unauthorized'}
2026-06-09 22:37:47,711 INFO HTTP Request: POST https://api.brevo.com/v3/smtp/email "HTTP/1.1 401 Unauthorized"
2026-06-09 22:37:47,712 ERROR Error sending OTP email: headers: {'date': 'Tue, 09 Jun 2026 15:38:27 GMT', 'content-type': 'application/json', 'content-length': '235', 'connection': 'keep-alive', 'access-control-allow-credentials': 'true', 'sib-request-id': 'c5e6f7d2-1d02-9e36-90a1-300ea31a4b9e', 'access-control-allow-origin': '*', 'access-control-allow-headers': '*', 'access-control-allow-methods': 'PUT, POST, GET, DELETE, PATCH, OPTIONS', 'x-envoy-upstream-service-time': '9', 'server': 'cloudflare', 'cf-cache-status': 'DYNAMIC', 'cf-ray': 'a0913931cccd3552-WAW'}, status_code: 401, body: {'message': 'We have detected you are using an unrecognised IP address 42.112.247.239. If you performed this action make sure to add the new IP address in this link: https://app.brevo.com/security/authorised_ips', 'code': 'unauthorized'}
2026-06-09 22:39:15,470 INFO HTTP Request: POST https://api.brevo.com/v3/smtp/email "HTTP/1.1 401 Unauthorized"
2026-06-09 22:39:15,470 ERROR Error sending OTP email: headers: {'date': 'Tue, 09 Jun 2026 15:39:55 GMT', 'content-type': 'application/json', 'content-length': '235', 'connection': 'keep-alive', 'access-control-allow-credentials': 'true', 'sib-request-id': '04bb2796-a4a3-93df-99f8-caa0b4106a04', 'access-control-allow-origin': '*', 'access-control-allow-headers': '*', 'access-control-allow-methods': 'PUT, POST, GET, DELETE, PATCH, OPTIONS', 'x-envoy-upstream-service-time': '11', 'server': 'cloudflare', 'cf-cache-status': 'DYNAMIC', 'cf-ray': 'a0913b567d09f19a-CDG'}, status_code: 401, body: {'message': 'We have detected you are using an unrecognised IP address 42.112.247.239. If you performed this action make sure to add the new IP address in this link: https://app.brevo.com/security/authorised_ips', 'code': 'unauthorized'}
2026-06-09 22:39:26,149 INFO HTTP Request: POST https://api.brevo.com/v3/smtp/email "HTTP/1.1 401 Unauthorized"
2026-06-09 22:39:26,151 ERROR Error sending OTP email: headers: {'date': 'Tue, 09 Jun 2026 15:40:05 GMT', 'content-type': 'application/json', 'content-length': '235', 'connection': 'keep-alive', 'access-control-allow-credentials': 'true', 'sib-request-id': 'ddaeea1f-3cce-92e3-93dd-a83e1c607042', 'access-control-allow-origin': '*', 'access-control-allow-headers': '*', 'access-control-allow-methods': 'PUT, POST, GET, DELETE, PATCH, OPTIONS', 'x-envoy-upstream-service-time': '2', 'server': 'cloudflare', 'cf-cache-status': 'DYNAMIC', 'cf-ray': 'a0913b991e0cecb4-WAW'}, status_code: 401, body: {'message': 'We have detected you are using an unrecognised IP address 42.112.247.239. If you performed this action make sure to add the new IP address in this link: https://app.brevo.com/security/authorised_ips', 'code': 'unauthorized'}
2026-06-09 22:48:34,635 INFO HTTP Request: POST https://api.brevo.com/v3/smtp/email "HTTP/1.1 401 Unauthorized"
2026-06-09 22:48:34,635 ERROR Error sending OTP email: headers: {'date': 'Tue, 09 Jun 2026 15:49:14 GMT', 'content-type': 'application/json', 'content-length': '235', 'connection': 'keep-alive', 'access-control-allow-credentials': 'true', 'sib-request-id': '6f9ae651-5765-9f7c-8ad8-168fe99ab4f0', 'access-control-allow-origin': '*', 'access-control-allow-headers': '*', 'access-control-allow-methods': 'PUT, POST, GET, DELETE, PATCH, OPTIONS', 'x-envoy-upstream-service-time': '40', 'server': 'cloudflare', 'cf-cache-status': 'DYNAMIC', 'cf-ray': 'a09148fd0fad99eb-CDG'}, status_code: 401, body: {'message': 'We have detected you are using an unrecognised IP address 42.112.247.239. If you performed this action make sure to add the new IP address in this link: https://app.brevo.com/security/authorised_ips', 'code': 'unauthorized'}
2026-06-09 22:48:44,945 INFO HTTP Request: POST https://api.brevo.com/v3/smtp/email "HTTP/1.1 401 Unauthorized"
2026-06-09 22:48:44,945 ERROR Error sending OTP email: headers: {'date': 'Tue, 09 Jun 2026 15:49:24 GMT', 'content-type': 'application/json', 'content-length': '235', 'connection': 'keep-alive', 'access-control-allow-credentials': 'true', 'sib-request-id': 'c231135e-09ba-93f9-a1cd-426eecf7d04d', 'access-control-allow-origin': '*', 'access-control-allow-headers': '*', 'access-control-allow-methods': 'PUT, POST, GET, DELETE, PATCH, OPTIONS', 'x-envoy-upstream-service-time': '11', 'server': 'cloudflare', 'cf-cache-status': 'DYNAMIC', 'cf-ray': 'a091493dbad0f0e3-CDG'}, status_code: 401, body: {'message': 'We have detected you are using an unrecognised IP address 42.112.247.239. If you performed this action make sure to add the new IP address in this link: https://app.brevo.com/security/authorised_ips', 'code': 'unauthorized'}
2026-06-09 22:53:39,146 INFO HTTP Request: POST https://api.brevo.com/v3/smtp/email "HTTP/1.1 201 Created"
2026-06-09 22:53:39,183 INFO OTP email sent to duongndph53424@gmail.com, messageId=<202606091554.89605500335@smtp-relay.mailin.fr>
2026-06-09 22:55:43,383 INFO HTTP Request: POST https://api.brevo.com/v3/smtp/email "HTTP/1.1 201 Created"
2026-06-09 22:55:43,391 INFO OTP email sent to duongndph53424@gmail.com, messageId=<202606091556.29600080070@smtp-relay.mailin.fr>
2026-06-09 22:55:54,041 INFO HTTP Request: POST https://api.brevo.com/v3/smtp/email "HTTP/1.1 201 Created"
2026-06-09 22:55:54,042 INFO OTP email sent to duongndph53424@gmail.com, messageId=<202606091556.93420437478@smtp-relay.mailin.fr>
2026-06-09 22:58:09,190 INFO HTTP Request: POST https://api.brevo.com/v3/smtp/email "HTTP/1.1 201 Created"
2026-06-09 22:58:09,197 INFO OTP email sent to duongndph53424@gmail.com, messageId=<202606091558.21556839230@smtp-relay.mailin.fr>
2026-06-09 22:58:19,872 INFO HTTP Request: POST https://api.brevo.com/v3/smtp/email "HTTP/1.1 201 Created"
2026-06-09 22:58:19,873 INFO OTP email sent to duongndph53424@gmail.com, messageId=<202606091558.36236583145@smtp-relay.mailin.fr>
