INFO:     Started server process [5124]
INFO:     Waiting for application startup.
2026-06-08 01:26:07,778 INFO Chatbot service starting — loading NLP cache...
2026-06-08 01:26:08,031 INFO NLP cache built: 30 knowledge entries \u2192 172 corpus rows (char+word TF-IDF, BM25)
2026-06-08 01:26:08,212 INFO NLP cache ready.
INFO:     Application startup complete.
INFO:     Uvicorn running on http://0.0.0.0:8002 (Press CTRL+C to quit)
2026-06-08 01:32:00,023 INFO NLP cache built: 30 knowledge entries \u2192 172 corpus rows (char+word TF-IDF, BM25)
2026-06-08 01:37:11,657 INFO NLP cache built: 30 knowledge entries \u2192 172 corpus rows (char+word TF-IDF, BM25)
2026-06-08 02:27:05,317 INFO NLP cache built: 30 knowledge entries \u2192 172 corpus rows (char+word TF-IDF, BM25)
2026-06-08 04:03:15,610 INFO NLP cache built: 30 knowledge entries \u2192 172 corpus rows (char+word TF-IDF, BM25)
2026-06-08 04:08:27,173 INFO NLP cache built: 30 knowledge entries \u2192 172 corpus rows (char+word TF-IDF, BM25)
2026-06-08 09:32:01,278 INFO NLP cache built: 30 knowledge entries \u2192 172 corpus rows (char+word TF-IDF, BM25)
2026-06-08 09:45:08,276 INFO NLP cache built: 30 knowledge entries \u2192 172 corpus rows (char+word TF-IDF, BM25)
2026-06-08 09:50:51,684 INFO NLP cache built: 30 knowledge entries \u2192 172 corpus rows (char+word TF-IDF, BM25)
2026-06-08 09:56:08,088 INFO NLP cache built: 30 knowledge entries \u2192 172 corpus rows (char+word TF-IDF, BM25)
2026-06-08 10:07:12,717 INFO NLP cache built: 30 knowledge entries \u2192 172 corpus rows (char+word TF-IDF, BM25)
2026-06-08 10:14:13,335 INFO NLP cache built: 30 knowledge entries \u2192 172 corpus rows (char+word TF-IDF, BM25)
2026-06-08 10:23:21,831 INFO NLP cache built: 30 knowledge entries \u2192 172 corpus rows (char+word TF-IDF, BM25)
2026-06-08 10:29:51,651 INFO NLP cache built: 30 knowledge entries \u2192 172 corpus rows (char+word TF-IDF, BM25)
2026-06-08 10:40:03,382 INFO NLP cache built: 30 knowledge entries \u2192 172 corpus rows (char+word TF-IDF, BM25)
2026-06-08 10:46:38,445 INFO NLP cache built: 30 knowledge entries \u2192 172 corpus rows (char+word TF-IDF, BM25)
2026-06-08 11:01:09,491 INFO NLP cache built: 30 knowledge entries \u2192 172 corpus rows (char+word TF-IDF, BM25)
2026-06-08 11:23:12,817 INFO NLP cache built: 30 knowledge entries \u2192 172 corpus rows (char+word TF-IDF, BM25)
2026-06-08 12:16:05,963 INFO NLP cache built: 30 knowledge entries \u2192 172 corpus rows (char+word TF-IDF, BM25)
2026-06-08 12:21:32,116 INFO NLP cache built: 30 knowledge entries \u2192 172 corpus rows (char+word TF-IDF, BM25)
